=== yu2x-16 pos 0 ===
--- yu2x-16 seed 2026 (active word 0) ---
  layer  1: exact formal degrees [1, 1, 1, 2, 0, 0, 0, 0, 0, 0, 0, 0, 0, 0, 0, 0]
  layer  2: exact formal degrees [2, 3, 4, 5, 3, 1, 5, 5, 3, 4, 5, 7, 2, 3, 4, 5]
  layer  3: exact formal degrees [11, 14, 18, 25, 10, 12, 17, 22, 10, 12, 17, 22, 12, 10, 19, 22]
  layer  4: exact formal degrees [44, 47, 69, 91, 47, 44, 72, 91, 47, 50, 72, 97, 44, 47, 69, 91]
  layer  5: exact formal degrees [188, 194, 285, 382, 182, 188, 279, 370, 182, 188, 279, 370, 188, 182, 285, 370]
  layer  6: exact formal degrees [740, 752, 1122, 1492, 752, 740, 1134, 1492, 752, 764, 1134, 1516, 740, 752, 1122, 1492]
  layer  7: exact formal degrees [3008, 3032, 4524, 6040, 2984, 3008, 4500, 5992, 2984, 3008, 4500, 5992, 3008, 2984, 4524, 5992]
  layer  8: exact formal degrees [11984, 12032, 18024, 24016, 12032, 11984, 18072, 24016, 12032, 12080, 18072, 24112, 11984, 12032, 18024, 24016]
  layer  9: exact formal degrees [48128, 48224, 72240, 96352, 48032, 48128, 72144, 96160, 48032, 48128, 72144, 96160, 48128, 48032, 72240, 96160]
  layer 10: exact formal degrees [192320, 192512, 288672, 384832, 192512, 192320, 288864, 384832, 192512, 192704, 288864, 385216, 192320, 192512, 288672, 384832]
--- yu2x-16 seed 7 (active word 0) ---
  layer  1: exact formal degrees [1, 1, 1, 2, 0, 0, 0, 0, 0, 0, 0, 0, 0, 0, 0, 0]
  layer  2: exact formal degrees [2, 3, 4, 5, 3, 1, 5, 5, 3, 4, 5, 7, 2, 3, 4, 5]
  layer  3: exact formal degrees [11, 14, 18, 25, 10, 12, 17, 22, 10, 12, 17, 22, 12, 10, 19, 22]
  layer  4: exact formal degrees [44, 47, 69, 91, 47, 44, 72, 91, 47, 50, 72, 97, 44, 47, 69, 91]
  layer  5: exact formal degrees [188, 194, 285, 382, 182, 188, 279, 370, 182, 188, 279, 370, 188, 182, 285, 370]
  layer  6: exact formal degrees [740, 752, 1122, 1492, 752, 740, 1134, 1492, 752, 764, 1134, 1516, 740, 752, 1122, 1492]
  layer  7: exact formal degrees [3008, 3032, 4524, 6040, 2984, 3008, 4500, 5992, 2984, 3008, 4500, 5992, 3008, 2984, 4524, 5992]
  layer  8: exact formal degrees [11984, 12032, 18024, 24016, 12032, 11984, 18072, 24016, 12032, 12080, 18072, 24112, 11984, 12032, 18024, 24016]
  layer  9: exact formal degrees [48128, 48224, 72240, 96352, 48032, 48128, 72144, 96160, 48032, 48128, 72144, 96160, 48128, 48032, 72240, 96160]
  layer 10: exact formal degrees [192320, 192512, 288672, 384832, 192512, 192320, 288864, 384832, 192512, 192704, 288864, 385216, 192320, 192512, 288672, 384832]
--- yu2x-16 seed 11 (active word 0) ---
  layer  1: exact formal degrees [1, 1, 1, 2, 0, 0, 0, 0, 0, 0, 0, 0, 0, 0, 0, 0]
  layer  2: exact formal degrees [2, 3, 4, 5, 3, 1, 5, 5, 3, 4, 5, 7, 2, 3, 4, 5]
  layer  3: exact formal degrees [11, 14, 18, 25, 10, 12, 17, 22, 10, 12, 17, 22, 12, 10, 19, 22]
  layer  4: exact formal degrees [44, 47, 69, 91, 47, 44, 72, 91, 47, 50, 72, 97, 44, 47, 69, 91]
  layer  5: exact formal degrees [188, 194, 285, 382, 182, 188, 279, 370, 182, 188, 279, 370, 188, 182, 285, 370]
  layer  6: exact formal degrees [740, 752, 1122, 1492, 752, 740, 1134, 1492, 752, 764, 1134, 1516, 740, 752, 1122, 1492]
  layer  7: exact formal degrees [3008, 3032, 4524, 6040, 2984, 3008, 4500, 5992, 2984, 3008, 4500, 5992, 3008, 2984, 4524, 5992]
  layer  8: exact formal degrees [11984, 12032, 18024, 24016, 12032, 11984, 18072, 24016, 12032, 12080, 18072, 24112, 11984, 12032, 18024, 24016]
  layer  9: exact formal degrees [48128, 48224, 72240, 96352, 48032, 48128, 72144, 96160, 48032, 48128, 72144, 96160, 48128, 48032, 72240, 96160]
  layer 10: exact formal degrees [192320, 192512, 288672, 384832, 192512, 192320, 288864, 384832, 192512, 192704, 288864, 385216, 192320, 192512, 288672, 384832]
--- exact formal vs max-plus (gap = bound - exact) ---
  layer  1: gap [0, 0, 0, 0, 0, 0, 0, 0, 0, 0, 0, 0, 0, 0, 0, 0]   (0.0% of the bound)
  layer  2: gap [0, 0, 0, 0, 0, 2, 0, 1, 0, 0, 0, 0, 0, 0, 0, 0]   (4.7% of the bound)
  layer  3: gap [1, 0, 1, 1, 0, 0, 0, 0, 1, 0, 1, 1, 1, 3, 1, 4]   (5.6% of the bound)
  layer  4: gap [5, 2, 6, 7, 5, 8, 6, 13, 1, 2, 2, 3, 1, 1, 2, 2]   (6.1% of the bound)
  layer  5: gap [5, 10, 12, 15, 9, 9, 16, 18, 20, 14, 27, 34, 16, 26, 23, 42]   (6.7% of the bound)
  layer  6: gap [76, 64, 106, 140, 57, 84, 87, 141, 33, 45, 63, 78, 52, 48, 82, 100]   (7.1% of the bound)
  layer  7: gap [178, 195, 295, 373, 240, 217, 357, 457, 281, 257, 398, 538, 219, 282, 336, 501]   (7.2% of the bound)
  layer  8: gap [1039, 1028, 1529, 2067, 874, 1039, 1364, 1913, 830, 863, 1320, 1693, 995, 947, 1485, 1942]   (7.3% of the bound)
  layer  9: gap [3635, 3664, 5606, 7299, 4009, 3913, 5980, 7922, 3980, 4038, 5951, 8018, 3606, 3980, 5577, 7586]   (7.4% of the bound)
  layer 10: gap [15604, 15844, 23430, 31448, 14885, 15604, 22711, 30489, 15221, 15125, 23047, 30346, 15940, 15748, 23766, 31688]   (7.5% of the bound)
  key-independent across 3 keys: True
--- layer-1 -> layer-2 row collapses (u_1 + u_3 per block) ---
  block 0: inputs [2, 1, 1, 2], deg(u_1 + u_3) = 2
  block 1: inputs [1, 2, 1, 2], deg(u_1 + u_3) = 0   <-- CONSTANT: the cubic term of y_1 collapses
  block 2: inputs [0, 1, 2, 2], deg(u_1 + u_3) = 2
  block 3: inputs [1, 0, 1, 2], deg(u_1 + u_3) = 2
saved results/Y07_char2_exact_degree/formal_yu2x-16_pos0.json
=== yupx-65537 pos 0 ===
--- yupx-65537 seed 2026 (active word 0) ---
  layer  1: exact formal degrees [1, 1, 1, 2, 0, 0, 0, 0, 0, 0, 0, 0, 0, 0, 0, 0]
  layer  2: exact formal degrees [2, 3, 4, 5, 3, 3, 5, 6, 3, 4, 5, 7, 2, 3, 4, 5]
  layer  3: exact formal degrees [12, 14, 19, 26, 10, 12, 17, 22, 11, 12, 18, 23, 13, 13, 20, 26]
  layer  4: exact formal degrees [49, 49, 75, 98, 52, 52, 78, 104, 48, 52, 74, 100, 45, 48, 71, 93]
  layer  5: exact formal degrees [193, 204, 297, 397, 191, 197, 295, 388, 202, 202, 306, 404, 204, 208, 308, 412]
  layer  6: exact formal degrees [816, 816, 1228, 1632, 809, 824, 1221, 1633, 785, 809, 1197, 1594, 792, 800, 1204, 1592]
  layer  7: exact formal degrees [3186, 3227, 4819, 6413, 3224, 3225, 4857, 6449, 3265, 3265, 4898, 6530, 3227, 3266, 4860, 6493]
  layer  8: exact formal degrees [13023, 13060, 19553, 26083, 12906, 13023, 19436, 25929, 12862, 12943, 19392, 25805, 12979, 12979, 19509, 25958]
  layer  9: exact formal degrees [51763, 51888, 77846, 103651, 52041, 52041, 78124, 104082, 52012, 52166, 78095, 104178, 51734, 52012, 77817, 103746]
  layer 10: exact formal degrees [207924, 208356, 312102, 416280, 207397, 207924, 311575, 415321, 207733, 207829, 311911, 415562, 208260, 208260, 312438, 416520]
--- yupx-65537 seed 7 (active word 0) ---
  layer  1: exact formal degrees [1, 1, 1, 2, 0, 0, 0, 0, 0, 0, 0, 0, 0, 0, 0, 0]
  layer  2: exact formal degrees [2, 3, 4, 5, 3, 3, 5, 6, 3, 4, 5, 7, 2, 3, 4, 5]
  layer  3: exact formal degrees [12, 14, 19, 26, 10, 12, 17, 22, 11, 12, 18, 23, 13, 13, 20, 26]
  layer  4: exact formal degrees [49, 49, 75, 98, 52, 52, 78, 104, 48, 52, 74, 100, 45, 48, 71, 93]
  layer  5: exact formal degrees [193, 204, 297, 397, 191, 197, 295, 388, 202, 202, 306, 404, 204, 208, 308, 412]
  layer  6: exact formal degrees [816, 816, 1228, 1632, 809, 824, 1221, 1633, 785, 809, 1197, 1594, 792, 800, 1204, 1592]
  layer  7: exact formal degrees [3186, 3227, 4819, 6413, 3224, 3225, 4857, 6449, 3265, 3265, 4898, 6530, 3227, 3266, 4860, 6493]
  layer  8: exact formal degrees [13023, 13060, 19553, 26083, 12906, 13023, 19436, 25929, 12862, 12943, 19392, 25805, 12979, 12979, 19509, 25958]
  layer  9: exact formal degrees [51763, 51888, 77846, 103651, 52041, 52041, 78124, 104082, 52012, 52166, 78095, 104178, 51734, 52012, 77817, 103746]
  layer 10: exact formal degrees [207924, 208356, 312102, 416280, 207397, 207924, 311575, 415321, 207733, 207829, 311911, 415562, 208260, 208260, 312438, 416520]
--- yupx-65537 seed 11 (active word 0) ---
  layer  1: exact formal degrees [1, 1, 1, 2, 0, 0, 0, 0, 0, 0, 0, 0, 0, 0, 0, 0]
  layer  2: exact formal degrees [2, 3, 4, 5, 3, 3, 5, 6, 3, 4, 5, 7, 2, 3, 4, 5]
  layer  3: exact formal degrees [12, 14, 19, 26, 10, 12, 17, 22, 11, 12, 18, 23, 13, 13, 20, 26]
  layer  4: exact formal degrees [49, 49, 75, 98, 52, 52, 78, 104, 48, 52, 74, 100, 45, 48, 71, 93]
  layer  5: exact formal degrees [193, 204, 297, 397, 191, 197, 295, 388, 202, 202, 306, 404, 204, 208, 308, 412]
  layer  6: exact formal degrees [816, 816, 1228, 1632, 809, 824, 1221, 1633, 785, 809, 1197, 1594, 792, 800, 1204, 1592]
  layer  7: exact formal degrees [3186, 3227, 4819, 6413, 3224, 3225, 4857, 6449, 3265, 3265, 4898, 6530, 3227, 3266, 4860, 6493]
  layer  8: exact formal degrees [13023, 13060, 19553, 26083, 12906, 13023, 19436, 25929, 12862, 12943, 19392, 25805, 12979, 12979, 19509, 25958]
  layer  9: exact formal degrees [51763, 51888, 77846, 103651, 52041, 52041, 78124, 104082, 52012, 52166, 78095, 104178, 51734, 52012, 77817, 103746]
  layer 10: exact formal degrees [207924, 208356, 312102, 416280, 207397, 207924, 311575, 415321, 207733, 207829, 311911, 415562, 208260, 208260, 312438, 416520]
--- exact formal vs max-plus (gap = bound - exact) ---
  layer  1: gap [0, 0, 0, 0, 0, 0, 0, 0, 0, 0, 0, 0, 0, 0, 0, 0]   (0.0% of the bound)
  layer  2: gap [0, 0, 0, 0, 0, 0, 0, 0, 0, 0, 0, 0, 0, 0, 0, 0]   (0.0% of the bound)
  layer  3: gap [0, 0, 0, 0, 0, 0, 0, 0, 0, 0, 0, 0, 0, 0, 0, 0]   (0.0% of the bound)
  layer  4: gap [0, 0, 0, 0, 0, 0, 0, 0, 0, 0, 0, 0, 0, 0, 0, 0]   (0.0% of the bound)
  layer  5: gap [0, 0, 0, 0, 0, 0, 0, 0, 0, 0, 0, 0, 0, 0, 0, 0]   (0.0% of the bound)
  layer  6: gap [0, 0, 0, 0, 0, 0, 0, 0, 0, 0, 0, 0, 0, 0, 0, 0]   (0.0% of the bound)
  layer  7: gap [0, 0, 0, 0, 0, 0, 0, 0, 0, 0, 0, 0, 0, 0, 0, 0]   (0.0% of the bound)
  layer  8: gap [0, 0, 0, 0, 0, 0, 0, 0, 0, 0, 0, 0, 0, 0, 0, 0]   (0.0% of the bound)
  layer  9: gap [0, 0, 0, 0, 0, 0, 0, 0, 0, 0, 0, 0, 0, 0, 0, 0]   (0.0% of the bound)
  layer 10: gap [0, 0, 0, 0, 0, 0, 0, 0, 0, 0, 0, 0, 0, 0, 0, 0]   (0.0% of the bound)
  key-independent across 3 keys: True
--- layer-1 -> layer-2 row collapses (u_1 + u_3 per block) ---
  block 0: inputs [2, 1, 1, 2], deg(u_1 + u_3) = 2
  block 1: inputs [1, 2, 1, 2], deg(u_1 + u_3) = 2
  block 2: inputs [1, 1, 2, 2], deg(u_1 + u_3) = 2
  block 3: inputs [1, 1, 1, 2], deg(u_1 + u_3) = 2
saved results/Y07_char2_exact_degree/formal_yupx-65537_pos0.json
=== dux-2^16 pos 3 ===
--- dux-2^16 seed 2026 (active word 3) ---
  layer  1: exact formal degrees [0, 1, 1, 1, 0, 0, 0, 0, 0, 0, 0, 0, 0, 0, 0, 0]
  layer  2: exact formal degrees [2, 3, 4, 2, 2, 3, 4, 2, 2, 3, 4, 2, 2, 2, 3, 1]
  layer  3: exact formal degrees [8, 11, 15, 7, 7, 9, 12, 5, 8, 11, 15, 7, 7, 10, 14, 7]
  layer  4: exact formal degrees [30, 41, 56, 26, 30, 41, 56, 26, 30, 41, 56, 26, 30, 41, 56, 26]
  layer  5: exact formal degrees [112, 153, 209, 97, 112, 153, 209, 97, 112, 153, 209, 97, 112, 153, 209, 97]
  layer  6: exact formal degrees [418, 571, 780, 362, 418, 571, 780, 362, 418, 571, 780, 362, 418, 571, 780, 362]
  layer  7: exact formal degrees [1560, 2131, 2911, 1351, 1560, 2131, 2911, 1351, 1560, 2131, 2911, 1351, 1560, 2131, 2911, 1351]
  layer  8: exact formal degrees [5822, 7953, 10864, 5042, 5822, 7953, 10864, 5042, 5822, 7953, 10864, 5042, 5822, 7953, 10864, 5042]
  layer  9: exact formal degrees [21728, 29681, 40545, 18817, 21728, 29681, 40545, 18817, 21728, 29681, 40545, 18817, 21728, 29681, 40545, 18817]
  layer 10: exact formal degrees [81090, 110771, 151316, 70226, 81090, 110771, 151316, 70226, 81090, 110771, 151316, 70226, 81090, 110771, 151316, 70226]
--- dux-2^16 seed 7 (active word 3) ---
  layer  1: exact formal degrees [0, 1, 1, 1, 0, 0, 0, 0, 0, 0, 0, 0, 0, 0, 0, 0]
  layer  2: exact formal degrees [2, 3, 4, 2, 2, 3, 4, 2, 2, 3, 4, 2, 2, 2, 3, 1]
  layer  3: exact formal degrees [8, 11, 15, 7, 7, 9, 12, 5, 8, 11, 15, 7, 7, 10, 14, 7]
  layer  4: exact formal degrees [30, 41, 56, 26, 30, 41, 56, 26, 30, 41, 56, 26, 30, 41, 56, 26]
  layer  5: exact formal degrees [112, 153, 209, 97, 112, 153, 209, 97, 112, 153, 209, 97, 112, 153, 209, 97]
  layer  6: exact formal degrees [418, 571, 780, 362, 418, 571, 780, 362, 418, 571, 780, 362, 418, 571, 780, 362]
  layer  7: exact formal degrees [1560, 2131, 2911, 1351, 1560, 2131, 2911, 1351, 1560, 2131, 2911, 1351, 1560, 2131, 2911, 1351]
  layer  8: exact formal degrees [5822, 7953, 10864, 5042, 5822, 7953, 10864, 5042, 5822, 7953, 10864, 5042, 5822, 7953, 10864, 5042]
  layer  9: exact formal degrees [21728, 29681, 40545, 18817, 21728, 29681, 40545, 18817, 21728, 29681, 40545, 18817, 21728, 29681, 40545, 18817]
  layer 10: exact formal degrees [81090, 110771, 151316, 70226, 81090, 110771, 151316, 70226, 81090, 110771, 151316, 70226, 81090, 110771, 151316, 70226]
--- dux-2^16 seed 11 (active word 3) ---
  layer  1: exact formal degrees [0, 1, 1, 1, 0, 0, 0, 0, 0, 0, 0, 0, 0, 0, 0, 0]
  layer  2: exact formal degrees [2, 3, 4, 2, 2, 3, 4, 2, 2, 3, 4, 2, 2, 2, 3, 1]
  layer  3: exact formal degrees [8, 11, 15, 7, 7, 9, 12, 5, 8, 11, 15, 7, 7, 10, 14, 7]
  layer  4: exact formal degrees [30, 41, 56, 26, 30, 41, 56, 26, 30, 41, 56, 26, 30, 41, 56, 26]
  layer  5: exact formal degrees [112, 153, 209, 97, 112, 153, 209, 97, 112, 153, 209, 97, 112, 153, 209, 97]
  layer  6: exact formal degrees [418, 571, 780, 362, 418, 571, 780, 362, 418, 571, 780, 362, 418, 571, 780, 362]
  layer  7: exact formal degrees [1560, 2131, 2911, 1351, 1560, 2131, 2911, 1351, 1560, 2131, 2911, 1351, 1560, 2131, 2911, 1351]
  layer  8: exact formal degrees [5822, 7953, 10864, 5042, 5822, 7953, 10864, 5042, 5822, 7953, 10864, 5042, 5822, 7953, 10864, 5042]
  layer  9: exact formal degrees [21728, 29681, 40545, 18817, 21728, 29681, 40545, 18817, 21728, 29681, 40545, 18817, 21728, 29681, 40545, 18817]
  layer 10: exact formal degrees [81090, 110771, 151316, 70226, 81090, 110771, 151316, 70226, 81090, 110771, 151316, 70226, 81090, 110771, 151316, 70226]
--- exact formal vs max-plus (gap = bound - exact) ---
  layer  1: gap [0, 0, 0, 0, 0, 0, 0, 0, 0, 0, 0, 0, 0, 0, 0, 0]   (0.0% of the bound)
  layer  2: gap [0, 0, 0, 0, 0, 0, 0, 0, 0, 0, 0, 0, 0, 0, 0, 0]   (0.0% of the bound)
  layer  3: gap [0, 0, 0, 0, 1, 2, 3, 2, 0, 0, 0, 0, 1, 1, 1, 0]   (6.7% of the bound)
  layer  4: gap [0, 0, 0, 0, 0, 0, 0, 0, 0, 0, 0, 0, 0, 0, 0, 0]   (0.0% of the bound)
  layer  5: gap [0, 0, 0, 0, 0, 0, 0, 0, 0, 0, 0, 0, 0, 0, 0, 0]   (0.0% of the bound)
  layer  6: gap [0, 0, 0, 0, 0, 0, 0, 0, 0, 0, 0, 0, 0, 0, 0, 0]   (0.0% of the bound)
  layer  7: gap [0, 0, 0, 0, 0, 0, 0, 0, 0, 0, 0, 0, 0, 0, 0, 0]   (0.0% of the bound)
  layer  8: gap [0, 0, 0, 0, 0, 0, 0, 0, 0, 0, 0, 0, 0, 0, 0, 0]   (0.0% of the bound)
  layer  9: gap [0, 0, 0, 0, 0, 0, 0, 0, 0, 0, 0, 0, 0, 0, 0, 0]   (0.0% of the bound)
  layer 10: gap [0, 0, 0, 0, 0, 0, 0, 0, 0, 0, 0, 0, 0, 0, 0, 0]   (0.0% of the bound)
  key-independent across 3 keys: True
--- layer-1 -> layer-2 row collapses (u_1 + u_3 per block) ---
  block 0: inputs [1, 1, 1, 0], deg(u_1 + u_3) = 1
  block 1: inputs [1, 1, 1, 0], deg(u_1 + u_3) = 1
  block 2: inputs [1, 1, 1, 1], deg(u_1 + u_3) = 1
  block 3: inputs [0, 1, 1, 1], deg(u_1 + u_3) = 1
saved results/Y07_char2_exact_degree/formal_dux-2^16_pos3.json
