monomials, all four inner blocks unknown: 38051 = 2^15.2 (|U| = 75 per block before the sum, 66 after)
monomials, unknown blocks [0]: 1082 = 2^10.1 (|U| = 75 per block before the sum, 66 after)
prototype: 7 rounds, l = 5, unknown inner blocks [0], outer blocks [0, 1, 2, 3]; 278 structures x 257 chosen ciphertexts
  20/278 structures (13.0s)
  40/278 structures (26.7s)
  60/278 structures (40.2s)
  80/278 structures (54.4s)
  100/278 structures (68.3s)
  120/278 structures (81.9s)
  140/278 structures (95.5s)
  160/278 structures (108.8s)
  180/278 structures (122.7s)
  200/278 structures (136.7s)
  220/278 structures (150.1s)
  240/278 structures (163.4s)
  260/278 structures (177.0s)
  278/278 structures (189.8s)
  rank 325 / 1081 unknowns (756 free), 109 monomials pinned down
  inner key words recovered: {(0, 0): 218, (0, 1): 45, (0, 2): 6, (0, 3): 164}
  truth                    : {(0, 0): 218, (0, 1): 45, (0, 2): 6, (0, 3): 164}
  outer key words recovered: {}
  truth                    : {(0, 0): 141, (0, 3): 207, (1, 0): 13, (1, 3): 215, (2, 0): 173, (2, 3): 159, (3, 0): 183, (3, 3): 143}
  SUCCESS: False;  data 2^16.1 chosen ciphertexts;  197.3s
