toy-257 (F_257): r = 7, unknown [0, 1, 2, 3], active [3], M = 38051, 4 eqs/structure, 257 points/structure, seed 2026, L = L0 (fixed)
  O12 weights: dims 1, margin 47, 47 weights/structure -> 188 rows/structure
  assembled 1/55 (3.2s)
  assembled 2/55 (6.0s)
  assembled 3/55 (8.7s)
  assembled 4/55 (11.1s)
  assembled 5/55 (13.6s)
  assembled 6/55 (16.4s)
  assembled 7/55 (19.1s)
  assembled 8/55 (21.8s)
  assembled 9/55 (24.3s)
  assembled 10/55 (26.6s)
  assembled 11/55 (29.3s)
  assembled 12/55 (31.9s)
  assembled 13/55 (34.6s)
  assembled 14/55 (37.3s)
  assembled 15/55 (40.0s)
  assembled 16/55 (42.7s)
  assembled 17/55 (45.5s)
  assembled 18/55 (48.2s)
  assembled 19/55 (50.9s)
  assembled 20/55 (53.7s)
  assembled 21/55 (56.3s)
  assembled 22/55 (58.9s)
  assembled 23/55 (61.4s)
  assembled 24/55 (64.2s)
  assembled 25/55 (66.9s)
  assembled 26/55 (69.4s)
  assembled 27/55 (71.9s)
  assembled 28/55 (74.6s)
  assembled 29/55 (77.2s)
  assembled 30/55 (79.8s)
  assembled 31/55 (82.5s)
  assembled 32/55 (85.2s)
  assembled 33/55 (87.8s)
  assembled 34/55 (90.4s)
  assembled 35/55 (92.8s)
  assembled 36/55 (95.4s)
  assembled 37/55 (98.0s)
  assembled 38/55 (100.6s)
  assembled 39/55 (103.3s)
  assembled 40/55 (105.9s)
  assembled 41/55 (108.5s)
  assembled 42/55 (111.3s)
  assembled 43/55 (113.8s)
  assembled 44/55 (116.3s)
  assembled 45/55 (118.9s)
  assembled 46/55 (121.5s)
  assembled 47/55 (124.2s)
  assembled 48/55 (127.0s)
  assembled 49/55 (129.7s)
  assembled 50/55 (132.4s)
  assembled 51/55 (134.9s)
  assembled 52/55 (137.7s)
  assembled 53/55 (140.3s)
  assembled 54/55 (142.9s)
  assembled 55/55 (145.7s)
  system 10340 x 38040 over F_257 (11 columns pinned, 2.93 GiB)
  weights=    1  rows    220  rank    220  pinned      0  words 0/16  (1.0s)
  weights=    2  rows    440  rank    440  pinned      0  words 0/16  (3.4s)
  weights=    4  rows    880  rank    880  pinned      0  words 0/16  (9.9s)
  weights=    8  rows   1760  rank   1760  pinned      0  words 0/16  (44.1s)
  weights=   16  rows   3520  rank   3520  pinned      0  words 0/16  (158.7s)
  weights=   24  rows   5280  rank   5280  pinned      0  words 0/16  (405.7s)
  weights=   32  rows   7040  rank   7040  pinned      0  words 0/16  (651.2s)
  weights=   40  rows   8800  rank   8608  pinned   2592  words 16/16  (998.4s)
