toy-257 (F_257): r = 7 (5-layer distinguisher + 2), unknown inner blocks [0, 1, 2, 3], outer blocks [0, 1, 2, 3], active words [3]
  monomials M = 38051 = 2^15.2; 40 structures x 257 chosen ciphertexts = 2^13.3 data; 4 eqs/structure
  O12 weights: dims 1, margin 159 (layer 5 pattern 1111), 159 weights/structure; O10 combine 0001: dim K = 1, y = [[1, 256, 1, 256]] -> 159 equations/structure
  assembled 1/40 structures (159 rows, 13.5s)
  assembled 2/40 structures (159 rows, 24.0s)
  assembled 3/40 structures (159 rows, 39.9s)
  assembled 4/40 structures (159 rows, 50.0s)
  assembled 5/40 structures (159 rows, 65.5s)
  assembled 6/40 structures (159 rows, 75.2s)
  assembled 7/40 structures (159 rows, 88.0s)
  assembled 8/40 structures (159 rows, 100.1s)
  assembled 9/40 structures (159 rows, 109.5s)
  assembled 10/40 structures (159 rows, 123.2s)
  assembled 11/40 structures (159 rows, 134.8s)
  assembled 12/40 structures (159 rows, 143.6s)
  assembled 13/40 structures (159 rows, 157.3s)
  assembled 14/40 structures (159 rows, 168.7s)
  assembled 15/40 structures (159 rows, 177.8s)
  assembled 16/40 structures (159 rows, 189.8s)
  assembled 17/40 structures (159 rows, 201.7s)
  assembled 18/40 structures (159 rows, 212.0s)
  assembled 19/40 structures (159 rows, 226.9s)
  assembled 20/40 structures (159 rows, 243.0s)
  assembled 21/40 structures (159 rows, 258.4s)
  assembled 22/40 structures (159 rows, 274.5s)
  assembled 23/40 structures (159 rows, 290.0s)
  assembled 24/40 structures (159 rows, 305.6s)
  assembled 25/40 structures (159 rows, 320.9s)
  assembled 26/40 structures (159 rows, 336.2s)
  assembled 27/40 structures (159 rows, 343.5s)
  assembled 28/40 structures (159 rows, 350.9s)
  assembled 29/40 structures (159 rows, 358.6s)
  assembled 30/40 structures (159 rows, 365.5s)
  assembled 31/40 structures (159 rows, 371.9s)
  assembled 32/40 structures (159 rows, 378.8s)
  assembled 33/40 structures (159 rows, 386.1s)
  assembled 34/40 structures (159 rows, 393.9s)
  assembled 35/40 structures (159 rows, 402.0s)
  assembled 36/40 structures (159 rows, 410.2s)
  assembled 37/40 structures (159 rows, 417.2s)
  assembled 38/40 structures (159 rows, 424.3s)
  assembled 39/40 structures (159 rows, 432.5s)
  assembled 40/40 structures (159 rows, 440.4s)
  system 6360 x 38050 over F_257 (1 columns pinned)
  rank 6360 / 38050 unknowns (31690 free), 0 monomials pinned down  (571.2s)
  inner key words recovered correctly: 0/16
    got   {}
    truth {'0,0': 218, '0,1': 45, '0,2': 6, '0,3': 164, '1,0': 93, '1,1': 120, '1,2': 20, '1,3': 95, '2,0': 165, '2,1': 91, '2,2': 213, '2,3': 203, '3,0': 181, '3,1': 232, '3,2': 185, '3,3': 45}
  data 2^13.33; assemble 447.6s, solve 571.2s
saved results/E07_key_recovery_2round/w16/fast_T1c_toy257_r7_combined.json
