toy-257 (F_257): r = 8 (6-layer distinguisher + 2), unknown inner blocks [0, 1, 2, 3], outer blocks [0, 1, 2, 3], active words [3, 7]
  monomials M = 38051 = 2^15.2; 60 structures x 66049 chosen ciphertexts = 2^21.9 data; 4 eqs/structure
  O12 weights: dims 1, margin 150 (layer 6 pattern 1001), 150 weights/structure; O10 combine 0001: dim K = 1, y = [[1, 256, 1, 256]] -> 150 equations/structure
  assembled 1/60 structures (150 rows, 8.4s)
  assembled 2/60 structures (150 rows, 16.4s)
  assembled 3/60 structures (150 rows, 24.9s)
  assembled 4/60 structures (150 rows, 33.4s)
  assembled 5/60 structures (150 rows, 41.6s)
  assembled 6/60 structures (150 rows, 49.3s)
  assembled 7/60 structures (150 rows, 56.8s)
  assembled 8/60 structures (150 rows, 64.9s)
  assembled 9/60 structures (150 rows, 73.0s)
  assembled 10/60 structures (150 rows, 80.9s)
  assembled 11/60 structures (150 rows, 88.0s)
  assembled 12/60 structures (150 rows, 95.7s)
  assembled 13/60 structures (150 rows, 103.5s)
  assembled 14/60 structures (150 rows, 111.9s)
  assembled 15/60 structures (150 rows, 119.9s)
  assembled 16/60 structures (150 rows, 127.4s)
  assembled 17/60 structures (150 rows, 135.0s)
  assembled 18/60 structures (150 rows, 142.9s)
  assembled 19/60 structures (150 rows, 151.5s)
  assembled 20/60 structures (150 rows, 159.7s)
  assembled 21/60 structures (150 rows, 169.0s)
  assembled 22/60 structures (150 rows, 196.5s)
  assembled 23/60 structures (150 rows, 204.9s)
  assembled 24/60 structures (150 rows, 213.2s)
  assembled 25/60 structures (150 rows, 220.8s)
  assembled 26/60 structures (150 rows, 229.0s)
  assembled 27/60 structures (150 rows, 237.2s)
  assembled 28/60 structures (150 rows, 245.2s)
  assembled 29/60 structures (150 rows, 252.9s)
  assembled 30/60 structures (150 rows, 260.6s)
  assembled 31/60 structures (150 rows, 268.4s)
  assembled 32/60 structures (150 rows, 276.7s)
  assembled 33/60 structures (150 rows, 284.4s)
  assembled 34/60 structures (150 rows, 291.0s)
  assembled 35/60 structures (150 rows, 297.7s)
  assembled 36/60 structures (150 rows, 304.6s)
  assembled 37/60 structures (150 rows, 312.4s)
  assembled 38/60 structures (150 rows, 319.8s)
  assembled 39/60 structures (150 rows, 327.8s)
  assembled 40/60 structures (150 rows, 336.1s)
  assembled 41/60 structures (150 rows, 344.1s)
  assembled 42/60 structures (150 rows, 352.4s)
  assembled 43/60 structures (150 rows, 360.3s)
  assembled 44/60 structures (150 rows, 368.4s)
  assembled 45/60 structures (150 rows, 376.7s)
  assembled 46/60 structures (150 rows, 385.0s)
  assembled 47/60 structures (150 rows, 393.4s)
  assembled 48/60 structures (150 rows, 401.6s)
  assembled 49/60 structures (150 rows, 410.1s)
  assembled 50/60 structures (150 rows, 417.9s)
  assembled 51/60 structures (150 rows, 425.6s)
  assembled 52/60 structures (150 rows, 433.7s)
  assembled 53/60 structures (150 rows, 441.7s)
  assembled 54/60 structures (150 rows, 450.0s)
  assembled 55/60 structures (150 rows, 458.3s)
  assembled 56/60 structures (150 rows, 466.5s)
  assembled 57/60 structures (150 rows, 474.9s)
  assembled 58/60 structures (150 rows, 482.7s)
  assembled 59/60 structures (150 rows, 489.4s)
  assembled 60/60 structures (150 rows, 496.2s)
  system 9000 x 38040 over F_257 (11 columns pinned)
  rank 8188 / 38040 unknowns (29852 free), 2592 monomials pinned down  (977.5s)
  inner key words recovered correctly: 16/16
  data 2^21.92; assemble 507.1s, solve 977.5s
saved results/E07_key_recovery_2round/w16/fast_T2norm_toy257_r8_1d.json
