toy-2^4 (F_2^4): r = 6 (4-layer distinguisher + 2), unknown inner blocks [0, 1, 2, 3], outer blocks [0, 1, 2, 3], active words [3, 7, 11]
  monomials M = 18025 = 2^14.1; 120 structures x 4096 chosen ciphertexts = 2^18.9 data; 4 eqs/structure
  O12 weights: dims 2, margin 19 (layer 4 pattern 1101), 190 weights/structure; O10 combine 0001: dim K = 1, y = [[1, 1, 1, 1]] -> 190 equations/structure
  assembled 1/120 structures (190 rows, 32.6s)
  assembled 2/120 structures (190 rows, 63.7s)
  assembled 3/120 structures (190 rows, 96.0s)
  assembled 4/120 structures (190 rows, 127.9s)
  assembled 5/120 structures (190 rows, 160.5s)
  assembled 6/120 structures (190 rows, 190.9s)
  assembled 7/120 structures (190 rows, 222.0s)
  assembled 8/120 structures (190 rows, 254.0s)
  assembled 9/120 structures (190 rows, 285.9s)
  assembled 10/120 structures (190 rows, 319.0s)
  assembled 11/120 structures (190 rows, 351.8s)
  assembled 12/120 structures (190 rows, 381.3s)
  assembled 13/120 structures (190 rows, 412.8s)
  assembled 14/120 structures (190 rows, 445.0s)
  assembled 15/120 structures (190 rows, 476.8s)
  assembled 16/120 structures (190 rows, 507.6s)
  assembled 17/120 structures (190 rows, 540.2s)
  assembled 18/120 structures (190 rows, 571.2s)
  assembled 19/120 structures (190 rows, 603.1s)
  assembled 20/120 structures (190 rows, 633.5s)
  assembled 21/120 structures (190 rows, 664.5s)
  assembled 22/120 structures (190 rows, 698.3s)
  assembled 23/120 structures (190 rows, 730.3s)
  assembled 24/120 structures (190 rows, 762.3s)
  assembled 25/120 structures (190 rows, 795.0s)
  assembled 26/120 structures (190 rows, 824.3s)
  assembled 27/120 structures (190 rows, 855.7s)
  assembled 28/120 structures (190 rows, 884.4s)
  assembled 29/120 structures (190 rows, 911.9s)
  assembled 30/120 structures (190 rows, 943.6s)
  assembled 31/120 structures (190 rows, 975.0s)
  assembled 32/120 structures (190 rows, 1003.4s)
  assembled 33/120 structures (190 rows, 1034.6s)
  assembled 34/120 structures (190 rows, 1065.8s)
  assembled 35/120 structures (190 rows, 1095.2s)
  assembled 36/120 structures (190 rows, 1127.6s)
  assembled 37/120 structures (190 rows, 1158.8s)
  assembled 38/120 structures (190 rows, 1190.1s)
  assembled 39/120 structures (190 rows, 1221.7s)
  assembled 40/120 structures (190 rows, 1252.9s)
  assembled 41/120 structures (190 rows, 1283.9s)
  assembled 42/120 structures (190 rows, 1315.6s)
  assembled 43/120 structures (190 rows, 1344.6s)
  assembled 44/120 structures (190 rows, 1375.1s)
  assembled 45/120 structures (190 rows, 1407.0s)
  assembled 46/120 structures (190 rows, 1436.8s)
  assembled 47/120 structures (190 rows, 1467.1s)
  assembled 48/120 structures (190 rows, 1497.2s)
  assembled 49/120 structures (190 rows, 1527.9s)
  assembled 50/120 structures (190 rows, 1559.8s)
  assembled 51/120 structures (190 rows, 1592.1s)
  assembled 52/120 structures (190 rows, 1624.5s)
  assembled 53/120 structures (190 rows, 1658.3s)
  assembled 54/120 structures (190 rows, 1689.7s)
  assembled 55/120 structures (190 rows, 1723.5s)
  assembled 56/120 structures (190 rows, 1759.8s)
  assembled 57/120 structures (190 rows, 1794.5s)
  assembled 58/120 structures (190 rows, 1824.2s)
  assembled 59/120 structures (190 rows, 1854.5s)
  assembled 60/120 structures (190 rows, 1887.8s)
  assembled 61/120 structures (190 rows, 1920.1s)
  assembled 62/120 structures (190 rows, 1953.5s)
  assembled 63/120 structures (190 rows, 1985.8s)
  assembled 64/120 structures (190 rows, 2018.3s)
  assembled 65/120 structures (190 rows, 2050.3s)
  assembled 66/120 structures (190 rows, 2082.6s)
  assembled 67/120 structures (190 rows, 2115.3s)
  assembled 68/120 structures (190 rows, 2148.0s)
  assembled 69/120 structures (190 rows, 2178.6s)
  assembled 70/120 structures (190 rows, 2210.0s)
  assembled 71/120 structures (190 rows, 2240.0s)
  assembled 72/120 structures (190 rows, 2269.9s)
  assembled 73/120 structures (190 rows, 2302.9s)
  assembled 74/120 structures (190 rows, 2333.7s)
  assembled 75/120 structures (190 rows, 2365.9s)
  assembled 76/120 structures (190 rows, 2397.3s)
  assembled 77/120 structures (190 rows, 2429.3s)
  assembled 78/120 structures (190 rows, 2461.0s)
  assembled 79/120 structures (190 rows, 2495.3s)
  assembled 80/120 structures (190 rows, 2526.3s)
  assembled 81/120 structures (190 rows, 2555.5s)
  assembled 82/120 structures (190 rows, 2587.3s)
  assembled 83/120 structures (190 rows, 2620.9s)
  assembled 84/120 structures (190 rows, 2653.4s)
  assembled 85/120 structures (190 rows, 2685.7s)
  assembled 86/120 structures (190 rows, 2713.6s)
  assembled 87/120 structures (190 rows, 2743.2s)
  assembled 88/120 structures (190 rows, 2775.4s)
  assembled 89/120 structures (190 rows, 2807.4s)
  assembled 90/120 structures (190 rows, 2840.0s)
  assembled 91/120 structures (190 rows, 2873.2s)
  assembled 92/120 structures (190 rows, 2905.4s)
  assembled 93/120 structures (190 rows, 2937.6s)
  assembled 94/120 structures (190 rows, 2966.8s)
  assembled 95/120 structures (190 rows, 2999.1s)
  assembled 96/120 structures (190 rows, 3027.5s)
  assembled 97/120 structures (190 rows, 3061.5s)
  assembled 98/120 structures (190 rows, 3089.9s)
  assembled 99/120 structures (190 rows, 3121.8s)
  assembled 100/120 structures (190 rows, 3152.3s)
  assembled 101/120 structures (190 rows, 3181.4s)
  assembled 102/120 structures (190 rows, 3214.1s)
  assembled 103/120 structures (190 rows, 3244.9s)
  assembled 104/120 structures (190 rows, 3278.3s)
  assembled 105/120 structures (190 rows, 3310.5s)
  assembled 106/120 structures (190 rows, 3343.8s)
  assembled 107/120 structures (190 rows, 3373.7s)
  assembled 108/120 structures (190 rows, 3401.4s)
  assembled 109/120 structures (190 rows, 3429.9s)
  assembled 110/120 structures (190 rows, 3462.7s)
  assembled 111/120 structures (190 rows, 3495.5s)
  assembled 112/120 structures (190 rows, 3527.4s)
  assembled 113/120 structures (190 rows, 3558.3s)
  assembled 114/120 structures (190 rows, 3587.8s)
  assembled 115/120 structures (190 rows, 3613.9s)
  assembled 116/120 structures (190 rows, 3644.4s)
  assembled 117/120 structures (190 rows, 3672.1s)
  assembled 118/120 structures (190 rows, 3703.3s)
  assembled 119/120 structures (190 rows, 3735.7s)
  assembled 120/120 structures (190 rows, 3767.2s)
  system 22800 x 18024 over F_2^4 (1 columns pinned)
  rank 2177 / 18024 unknowns (15847 free), 75 monomials pinned down  (93.8s)
  inner key words recovered correctly: 0/16
    got   {}
    truth {'0,0': 13, '0,1': 2, '0,2': 0, '0,3': 10, '1,0': 5, '1,1': 7, '1,2': 1, '1,3': 5, '2,0': 10, '2,1': 5, '2,2': 13, '2,3': 12, '3,0': 11, '3,1': 14, '3,2': 11, '3,3': 2}
  data 2^18.91; assemble 3787.3s, solve 93.8s
saved results/E07_key_recovery_2round/w16/fast_T4_toy2p4_r6_N120.json
