toy-2^4 (F_2^4): r = 6 (4-layer distinguisher + 2), unknown inner blocks [0, 1, 2, 3], outer blocks [0, 1, 2, 3], active words [3, 7, 11]
  monomials M = 18025 = 2^14.1; 40 structures x 4096 chosen ciphertexts = 2^17.3 data; 4 eqs/structure
  O12 weights: dims 2, margin 19 (layer 4 pattern 1101), 190 weights/structure; O10 combine 0001: dim K = 1, y = [[1, 1, 1, 1]] -> 190 equations/structure
  assembled 1/40 structures (190 rows, 77.2s)
  assembled 2/40 structures (190 rows, 167.5s)
  assembled 3/40 structures (190 rows, 244.8s)
  assembled 4/40 structures (190 rows, 326.2s)
  assembled 5/40 structures (190 rows, 407.5s)
  assembled 6/40 structures (190 rows, 486.2s)
  assembled 7/40 structures (190 rows, 568.0s)
  assembled 8/40 structures (190 rows, 656.5s)
  assembled 9/40 structures (190 rows, 708.5s)
  assembled 10/40 structures (190 rows, 738.0s)
  assembled 11/40 structures (190 rows, 769.2s)
  assembled 12/40 structures (190 rows, 802.1s)
  assembled 13/40 structures (190 rows, 833.5s)
  assembled 14/40 structures (190 rows, 865.0s)
  assembled 15/40 structures (190 rows, 896.7s)
  assembled 16/40 structures (190 rows, 930.5s)
  assembled 17/40 structures (190 rows, 962.8s)
  assembled 18/40 structures (190 rows, 993.1s)
  assembled 19/40 structures (190 rows, 1024.4s)
  assembled 20/40 structures (190 rows, 1056.5s)
  assembled 21/40 structures (190 rows, 1088.3s)
  assembled 22/40 structures (190 rows, 1122.8s)
  assembled 23/40 structures (190 rows, 1156.8s)
  assembled 24/40 structures (190 rows, 1188.4s)
  assembled 25/40 structures (190 rows, 1220.2s)
  assembled 26/40 structures (190 rows, 1252.6s)
  assembled 27/40 structures (190 rows, 1284.0s)
  assembled 28/40 structures (190 rows, 1317.4s)
  assembled 29/40 structures (190 rows, 1349.3s)
  assembled 30/40 structures (190 rows, 1380.3s)
  assembled 31/40 structures (190 rows, 1412.0s)
  assembled 32/40 structures (190 rows, 1446.3s)
  assembled 33/40 structures (190 rows, 1479.1s)
  assembled 34/40 structures (190 rows, 1509.9s)
  assembled 35/40 structures (190 rows, 1539.3s)
  assembled 36/40 structures (190 rows, 1569.7s)
  assembled 37/40 structures (190 rows, 1602.4s)
  assembled 38/40 structures (190 rows, 1635.1s)
  assembled 39/40 structures (190 rows, 1667.3s)
  assembled 40/40 structures (190 rows, 1700.4s)
  system 7600 x 18024 over F_2^4 (1 columns pinned)
  rank 2177 / 18024 unknowns (15847 free), 75 monomials pinned down  (72.1s)
  inner key words recovered correctly: 0/16
    got   {}
    truth {'0,0': 13, '0,1': 2, '0,2': 0, '0,3': 10, '1,0': 5, '1,1': 7, '1,2': 1, '1,3': 5, '2,0': 10, '2,1': 5, '2,2': 13, '2,3': 12, '3,0': 11, '3,1': 14, '3,2': 11, '3,3': 2}
  data 2^17.32; assemble 1706.7s, solve 72.1s
saved results/E07_key_recovery_2round/w16/fast_T4_toy2p4_r6.json
