toy-2^4 (F_2^4): r = 6 (4-layer distinguisher + 2), unknown inner blocks [0, 1, 2, 3], outer blocks [0, 1, 2, 3], active words [3, 7, 11]
  monomials M = 18025 = 2^14.1; 40 structures x 4096 chosen ciphertexts = 2^17.3 data; 4 eqs/structure
  O12 weights: dims 2, margin 19 (layer 4 pattern 1101), 190 weights/structure; O10 combine 0001: dim K = 1, y = [[1, 1, 1, 1]] -> 190 equations/structure
  assembled 1/40 structures (190 rows, 31.9s)
  assembled 2/40 structures (190 rows, 63.6s)
  assembled 3/40 structures (190 rows, 94.5s)
  assembled 4/40 structures (190 rows, 124.5s)
  assembled 5/40 structures (190 rows, 153.3s)
  assembled 6/40 structures (190 rows, 185.3s)
  assembled 7/40 structures (190 rows, 216.5s)
  assembled 8/40 structures (190 rows, 245.6s)
  assembled 9/40 structures (190 rows, 274.8s)
  assembled 10/40 structures (190 rows, 307.6s)
  assembled 11/40 structures (190 rows, 337.5s)
  assembled 12/40 structures (190 rows, 368.1s)
  assembled 13/40 structures (190 rows, 394.9s)
  assembled 14/40 structures (190 rows, 427.1s)
  assembled 15/40 structures (190 rows, 454.9s)
  assembled 16/40 structures (190 rows, 483.7s)
  assembled 17/40 structures (190 rows, 515.8s)
  assembled 18/40 structures (190 rows, 548.4s)
  assembled 19/40 structures (190 rows, 578.0s)
  assembled 20/40 structures (190 rows, 607.8s)
  assembled 21/40 structures (190 rows, 638.2s)
  assembled 22/40 structures (190 rows, 670.4s)
  assembled 23/40 structures (190 rows, 703.0s)
  assembled 24/40 structures (190 rows, 734.6s)
  assembled 25/40 structures (190 rows, 765.0s)
  assembled 26/40 structures (190 rows, 798.7s)
  assembled 27/40 structures (190 rows, 826.9s)
  assembled 28/40 structures (190 rows, 857.4s)
  assembled 29/40 structures (190 rows, 890.3s)
  assembled 30/40 structures (190 rows, 919.9s)
  assembled 31/40 structures (190 rows, 952.7s)
  assembled 32/40 structures (190 rows, 983.4s)
  assembled 33/40 structures (190 rows, 1015.3s)
  assembled 34/40 structures (190 rows, 1043.6s)
  assembled 35/40 structures (190 rows, 1075.4s)
  assembled 36/40 structures (190 rows, 1107.8s)
  assembled 37/40 structures (190 rows, 1137.0s)
  assembled 38/40 structures (190 rows, 1168.9s)
  assembled 39/40 structures (190 rows, 1202.0s)
  assembled 40/40 structures (190 rows, 1234.5s)
  system 7600 x 18014 over F_2^4 (11 columns pinned)
  rank 2168 / 18014 unknowns (15846 free), 1122 monomials pinned down  (29.7s)
  inner key words recovered correctly: 0/16
    got   {}
    truth {'0,0': 13, '0,1': 2, '0,2': 0, '0,3': 10, '1,0': 5, '1,1': 7, '1,2': 1, '1,3': 5, '2,0': 10, '2,1': 5, '2,2': 13, '2,3': 12, '3,0': 11, '3,1': 14, '3,2': 11, '3,3': 2}
  data 2^17.32; assemble 1239.5s, solve 29.7s
saved results/E07_key_recovery_2round/w16/fast_T4norm_toy2p4_r6.json
